Archive member included to satisfy reference by file (symbol)

D:/Users/Documents/STM32CubeIDE_1.16.1/STM32CubeIDE/plugins/com.st.stm32cube.ide.mcu.externaltools.gnu-tools-for-stm32.12.3.rel1.win32_1.0.200.202406191623/tools/bin/../lib/gcc/arm-none-eabi/12.3.1/../../../../arm-none-eabi/lib/thumb/v7e-m+fp/hard\libc_nano.a(libc_a-exit.o)
                              D:/Users/Documents/STM32CubeIDE_1.16.1/STM32CubeIDE/plugins/com.st.stm32cube.ide.mcu.externaltools.gnu-tools-for-stm32.12.3.rel1.win32_1.0.200.202406191623/tools/bin/../lib/gcc/arm-none-eabi/12.3.1/../../../../arm-none-eabi/lib/thumb/v7e-m+fp/hard/crt0.o (exit)
D:/Users/Documents/STM32CubeIDE_1.16.1/STM32CubeIDE/plugins/com.st.stm32cube.ide.mcu.externaltools.gnu-tools-for-stm32.12.3.rel1.win32_1.0.200.202406191623/tools/bin/../lib/gcc/arm-none-eabi/12.3.1/../../../../arm-none-eabi/lib/thumb/v7e-m+fp/hard\libc_nano.a(libc_a-findfp.o)
                              D:/Users/Documents/STM32CubeIDE_1.16.1/STM32CubeIDE/plugins/com.st.stm32cube.ide.mcu.externaltools.gnu-tools-for-stm32.12.3.rel1.win32_1.0.200.202406191623/tools/bin/../lib/gcc/arm-none-eabi/12.3.1/../../../../arm-none-eabi/lib/thumb/v7e-m+fp/hard\libc_nano.a(libc_a-exit.o) (__stdio_exit_handler)
D:/Users/Documents/STM32CubeIDE_1.16.1/STM32CubeIDE/plugins/com.st.stm32cube.ide.mcu.externaltools.gnu-tools-for-stm32.12.3.rel1.win32_1.0.200.202406191623/tools/bin/../lib/gcc/arm-none-eabi/12.3.1/../../../../arm-none-eabi/lib/thumb/v7e-m+fp/hard\libc_nano.a(libc_a-fwalk.o)
                              D:/Users/Documents/STM32CubeIDE_1.16.1/STM32CubeIDE/plugins/com.st.stm32cube.ide.mcu.externaltools.gnu-tools-for-stm32.12.3.rel1.win32_1.0.200.202406191623/tools/bin/../lib/gcc/arm-none-eabi/12.3.1/../../../../arm-none-eabi/lib/thumb/v7e-m+fp/hard\libc_nano.a(libc_a-findfp.o) (_fwalk_sglue)
D:/Users/Documents/STM32CubeIDE_1.16.1/STM32CubeIDE/plugins/com.st.stm32cube.ide.mcu.externaltools.gnu-tools-for-stm32.12.3.rel1.win32_1.0.200.202406191623/tools/bin/../lib/gcc/arm-none-eabi/12.3.1/../../../../arm-none-eabi/lib/thumb/v7e-m+fp/hard\libc_nano.a(libc_a-stdio.o)
                              D:/Users/Documents/STM32CubeIDE_1.16.1/STM32CubeIDE/plugins/com.st.stm32cube.ide.mcu.externaltools.gnu-tools-for-stm32.12.3.rel1.win32_1.0.200.202406191623/tools/bin/../lib/gcc/arm-none-eabi/12.3.1/../../../../arm-none-eabi/lib/thumb/v7e-m+fp/hard\libc_nano.a(libc_a-findfp.o) (__sread)
D:/Users/Documents/STM32CubeIDE_1.16.1/STM32CubeIDE/plugins/com.st.stm32cube.ide.mcu.externaltools.gnu-tools-for-stm32.12.3.rel1.win32_1.0.200.202406191623/tools/bin/../lib/gcc/arm-none-eabi/12.3.1/../../../../arm-none-eabi/lib/thumb/v7e-m+fp/hard\libc_nano.a(libc_a-memset.o)
                              D:/Users/Documents/STM32CubeIDE_1.16.1/STM32CubeIDE/plugins/com.st.stm32cube.ide.mcu.externaltools.gnu-tools-for-stm32.12.3.rel1.win32_1.0.200.202406191623/tools/bin/../lib/gcc/arm-none-eabi/12.3.1/../../../../arm-none-eabi/lib/thumb/v7e-m+fp/hard/crt0.o (memset)
D:/Users/Documents/STM32CubeIDE_1.16.1/STM32CubeIDE/plugins/com.st.stm32cube.ide.mcu.externaltools.gnu-tools-for-stm32.12.3.rel1.win32_1.0.200.202406191623/tools/bin/../lib/gcc/arm-none-eabi/12.3.1/../../../../arm-none-eabi/lib/thumb/v7e-m+fp/hard\libc_nano.a(libc_a-strncmp.o)
                              ./Middleware/Shell/src/FreeRTOS_CLI.o (strncmp)
D:/Users/Documents/STM32CubeIDE_1.16.1/STM32CubeIDE/plugins/com.st.stm32cube.ide.mcu.externaltools.gnu-tools-for-stm32.12.3.rel1.win32_1.0.200.202406191623/tools/bin/../lib/gcc/arm-none-eabi/12.3.1/../../../../arm-none-eabi/lib/thumb/v7e-m+fp/hard\libc_nano.a(libc_a-strncpy.o)
                              ./Middleware/Shell/src/FreeRTOS_CLI.o (strncpy)
D:/Users/Documents/STM32CubeIDE_1.16.1/STM32CubeIDE/plugins/com.st.stm32cube.ide.mcu.externaltools.gnu-tools-for-stm32.12.3.rel1.win32_1.0.200.202406191623/tools/bin/../lib/gcc/arm-none-eabi/12.3.1/../../../../arm-none-eabi/lib/thumb/v7e-m+fp/hard\libc_nano.a(libc_a-closer.o)
                              D:/Users/Documents/STM32CubeIDE_1.16.1/STM32CubeIDE/plugins/com.st.stm32cube.ide.mcu.externaltools.gnu-tools-for-stm32.12.3.rel1.win32_1.0.200.202406191623/tools/bin/../lib/gcc/arm-none-eabi/12.3.1/../../../../arm-none-eabi/lib/thumb/v7e-m+fp/hard\libc_nano.a(libc_a-stdio.o) (_close_r)
D:/Users/Documents/STM32CubeIDE_1.16.1/STM32CubeIDE/plugins/com.st.stm32cube.ide.mcu.externaltools.gnu-tools-for-stm32.12.3.rel1.win32_1.0.200.202406191623/tools/bin/../lib/gcc/arm-none-eabi/12.3.1/../../../../arm-none-eabi/lib/thumb/v7e-m+fp/hard\libc_nano.a(libc_a-reent.o)
                              D:/Users/Documents/STM32CubeIDE_1.16.1/STM32CubeIDE/plugins/com.st.stm32cube.ide.mcu.externaltools.gnu-tools-for-stm32.12.3.rel1.win32_1.0.200.202406191623/tools/bin/../lib/gcc/arm-none-eabi/12.3.1/../../../../arm-none-eabi/lib/thumb/v7e-m+fp/hard\libc_nano.a(libc_a-closer.o) (errno)
[...]
Memory Configuration

Name             Origin             Length             Attributes
CCMRAM           0x10000000         0x00010000         xrw
RAM              0x20000000         0x00020000         xrw
FLASH            0x08000000         0x00100000         xr
*default*        0x00000000         0xffffffff

Linker script and memory map

LOAD D:/Users/Documents/STM32CubeIDE_1.16.1/STM32CubeIDE/plugins/com.st.stm32cube.ide.mcu.externaltools.gnu-tools-for-stm32.12.3.rel1.win32_1.0.200.202406191623/tools/bin/../lib/gcc/arm-none-eabi/12.3.1/thumb/v7e-m+fp/hard/crti.o
LOAD D:/Users/Documents/STM32CubeIDE_1.16.1/STM32CubeIDE/plugins/com.st.stm32cube.ide.mcu.externaltools.gnu-tools-for-stm32.12.3.rel1.win32_1.0.200.202406191623/tools/bin/../lib/gcc/arm-none-eabi/12.3.1/thumb/v7e-m+fp/hard/crtbegin.o
LOAD D:/Users/Documents/STM32CubeIDE_1.16.1/STM32CubeIDE/plugins/com.st.stm32cube.ide.mcu.externaltools.gnu-tools-for-stm32.12.3.rel1.win32_1.0.200.202406191623/tools/bin/../lib/gcc/arm-none-eabi/12.3.1/../../../../arm-none-eabi/lib/thumb/v7e-m+fp/hard/crt0.o
LOAD ./Middleware/FreeRTOS/croutine.o
LOAD ./Middleware/FreeRTOS/event_groups.o
LOAD ./Middleware/FreeRTOS/list.o
LOAD ./Middleware/FreeRTOS/queue.o
LOAD ./Middleware/FreeRTOS/stream_buffer.o
LOAD ./Middleware/FreeRTOS/tasks.o
LOAD ./Middleware/FreeRTOS/timers.o
LOAD ./Middleware/FreeRTOS/portable/GCC/ARM_CM4F/port.o
LOAD ./Middleware/FreeRTOS/portable/MemMang/heap_4.o
LOAD ./Middleware/Shell/src/FreeRTOS_CLI.o
LOAD ./Middleware/Shell/src/FreeRTOS_Shell.o
LOAD ./Src/dma.o
LOAD ./Src/flash.o
LOAD ./Src/gpio.o
LOAD ./Src/hash.o
LOAD ./Src/main.o
LOAD ./Src/nvic.o
LOAD ./Src/pwr.o
LOAD ./Src/rcc.o
LOAD ./Src/syscalls.o
LOAD ./Src/sysmem.o
LOAD ./Src/timer.o
LOAD ./Src/usart.o
LOAD ./Startup/startup_stm32f407vgtx.o
START GROUP
LOAD D:/Users/Documents/STM32CubeIDE_1.16.1/STM32CubeIDE/plugins/com.st.stm32cube.ide.mcu.externaltools.gnu-tools-for-stm32.12.3.rel1.win32_1.0.200.202406191623/tools/bin/../lib/gcc/arm-none-eabi/12.3.1/../../../../arm-none-eabi/lib/thumb/v7e-m+fp/hard\libc_nano.a
LOAD D:/Users/Documents/STM32CubeIDE_1.16.1/STM32CubeIDE/plugins/com.st.stm32cube.ide.mcu.externaltools.gnu-tools-for-stm32.12.3.rel1.win32_1.0.200.202406191623/tools/bin/../lib/gcc/arm-none-eabi/12.3.1/../../../../arm-none-eabi/lib/thumb/v7e-m+fp/hard\libm.a
END GROUP
START GROUP
LOAD D:/Users/Documents/STM32CubeIDE_1.16.1/STM32CubeIDE/plugins/com.st.stm32cube.ide.mcu.externaltools.gnu-tools-for-stm32.12.3.rel1.win32_1.0.200.202406191623/tools/bin/../lib/gcc/arm-none-eabi/12.3.1/thumb/v7e-m+fp/hard\libgcc.a
LOAD D:/Users/Documents/STM32CubeIDE_1.16.1/STM32CubeIDE/plugins/com.st.stm32cube.ide.mcu.externaltools.gnu-tools-for-stm32.12.3.rel1.win32_1.0.200.202406191623/tools/bin/../lib/gcc/arm-none-eabi/12.3.1/../../../../arm-none-eabi/lib/thumb/v7e-m+fp/hard\libc_nano.a
END GROUP
START GROUP
LOAD D:/Users/Documents/STM32CubeIDE_1.16.1/STM32CubeIDE/plugins/com.st.stm32cube.ide.mcu.externaltools.gnu-tools-for-stm32.12.3.rel1.win32_1.0.200.202406191623/tools/bin/../lib/gcc/arm-none-eabi/12.3.1/thumb/v7e-m+fp/hard\libgcc.a
LOAD D:/Users/Documents/STM32CubeIDE_1.16.1/STM32CubeIDE/plugins/com.st.stm32cube.ide.mcu.externaltools.gnu-tools-for-stm32.12.3.rel1.win32_1.0.200.202406191623/tools/bin/../lib/gcc/arm-none-eabi/12.3.1/../../../../arm-none-eabi/lib/thumb/v7e-m+fp/hard\libc_nano.a
LOAD D:/Users/Documents/STM32CubeIDE_1.16.1/STM32CubeIDE/plugins/com.st.stm32cube.ide.mcu.externaltools.gnu-tools-for-stm32.12.3.rel1.win32_1.0.200.202406191623/tools/bin/../lib/gcc/arm-none-eabi/12.3.1/../../../../arm-none-eabi/lib/thumb/v7e-m+fp/hard\libnosys.a
END GROUP
START GROUP
LOAD D:/Users/Documents/STM32CubeIDE_1.16.1/STM32CubeIDE/plugins/com.st.stm32cube.ide.mcu.externaltools.gnu-tools-for-stm32.12.3.rel1.win32_1.0.200.202406191623/tools/bin/../lib/gcc/arm-none-eabi/12.3.1/thumb/v7e-m+fp/hard\libgcc.a
LOAD D:/Users/Documents/STM32CubeIDE_1.16.1/STM32CubeIDE/plugins/com.st.stm32cube.ide.mcu.externaltools.gnu-tools-for-stm32.12.3.rel1.win32_1.0.200.202406191623/tools/bin/../lib/gcc/arm-none-eabi/12.3.1/../../../../arm-none-eabi/lib/thumb/v7e-m+fp/hard\libc_nano.a
LOAD D:/Users/Documents/STM32CubeIDE_1.16.1/STM32CubeIDE/plugins/com.st.stm32cube.ide.mcu.externaltools.gnu-tools-for-stm32.12.3.rel1.win32_1.0.200.202406191623/tools/bin/../lib/gcc/arm-none-eabi/12.3.1/../../../../arm-none-eabi/lib/thumb/v7e-m+fp/hard\libnosys.a
END GROUP
LOAD D:/Users/Documents/STM32CubeIDE_1.16.1/STM32CubeIDE/plugins/com.st.stm32cube.ide.mcu.externaltools.gnu-tools-for-stm32.12.3.rel1.win32_1.0.200.202406191623/tools/bin/../lib/gcc/arm-none-eabi/12.3.1/thumb/v7e-m+fp/hard/crtend.o
LOAD D:/Users/Documents/STM32CubeIDE_1.16.1/STM32CubeIDE/plugins/com.st.stm32cube.ide.mcu.externaltools.gnu-tools-for-stm32.12.3.rel1.win32_1.0.200.202406191623/tools/bin/../lib/gcc/arm-none-eabi/12.3.1/thumb/v7e-m+fp/hard/crtn.o
                0x20020000                        _estack = (ORIGIN (RAM) + LENGTH (RAM))
                0x00000200                        _Min_Heap_Size = 0x200
                0x00000400                        _Min_Stack_Size = 0x400

.isr_vector     0x08000000      0x188
                0x08000000                        . = ALIGN (0x4)
 *(.isr_vector)
 .isr_vector    0x08000000      0x188 ./Startup/startup_stm32f407vgtx.o
                0x08000000                g_pfnVectors
                0x08000188                        . = ALIGN (0x4)

.text           0x08000190     0x3ea4
                0x08000190                        . = ALIGN (0x4)
 *(.text)
 .text          0x08000190       0x40 D:/Users/Documents/STM32CubeIDE_1.16.1/STM32CubeIDE/plugins/com.st.stm32cube.ide.mcu.externaltools.gnu-tools-for-stm32.12.3.rel1.win32_1.0.200.202406191623/tools/bin/../lib/gcc/arm-none-eabi/12.3.1/thumb/v7e-m+fp/hard/crtbegin.o
 *(.text*)
 .text.vListInitialise
                0x080001d0       0x40 ./Middleware/FreeRTOS/list.o
                0x080001d0                vListInitialise
 .text.vListInitialiseItem
                0x08000210       0x1a ./Middleware/FreeRTOS/list.o
                0x08000210                vListInitialiseItem
 .text.vListInsert
                0x0800022a       0x72 ./Middleware/FreeRTOS/list.o
                0x0800022a                vListInsert
 .text.uxListRemove
                0x0800029c       0x54 ./Middleware/FreeRTOS/list.o
                0x0800029c                uxListRemove
 .text.xQueueGenericReset
                0x080002f0      0x124 ./Middleware/FreeRTOS/queue.o
                0x080002f0                xQueueGenericReset
 .text.xQueueGenericCreate
                0x08000414       0x9e ./Middleware/FreeRTOS/queue.o
                0x08000414                xQueueGenericCreate
 .text.prvInitialiseNewQueue
                0x080004b2       0x46 ./Middleware/FreeRTOS/queue.o
 .text.xQueueGenericSend
                0x080004f8      0x204 ./Middleware/FreeRTOS/queue.o
                0x080004f8                xQueueGenericSend
 .text.xQueueReceive
                0x080006fc      0x1c4 ./Middleware/FreeRTOS/queue.o
                0x080006fc                xQueueReceive
 .text.xQueueSemaphoreTake
                0x080008c0      0x200 ./Middleware/FreeRTOS/queue.o
                0x080008c0                xQueueSemaphoreTake
 .text.prvGetDisinheritPriorityAfterTimeout
                0x08000ac0       0x30 ./Middleware/FreeRTOS/queue.o
 .text.prvCopyDataToQueue
                0x08000af0       0xd4 ./Middleware/FreeRTOS/queue.o
 .text.prvCopyDataFromQueue
                0x08000bc4       0x4c ./Middleware/FreeRTOS/queue.o
 .text.prvUnlockQueue
                0x08000c10       0xa4 ./Middleware/FreeRTOS/queue.o
 .text.prvIsQueueEmpty
                0x08000cb4       0x2c ./Middleware/FreeRTOS/queue.o
 .text.prvIsQueueFull
                0x08000ce0       0x30 ./Middleware/FreeRTOS/queue.o
 .text.vQueueAddToRegistry
                0x08000d10       0xa0 ./Middleware/FreeRTOS/queue.o
                0x08000d10                vQueueAddToRegistry
 .text.vQueueWaitForMessageRestricted
                0x08000db0       0x68 ./Middleware/FreeRTOS/queue.o
                0x08000db0                vQueueWaitForMessageRestricted
 .text.xTaskCreate
                0x08000e18       0x8c ./Middleware/FreeRTOS/tasks.o
                0x08000e18                xTaskCreate
 .text.prvInitialiseNewTask
                0x08000ea4      0x120 ./Middleware/FreeRTOS/tasks.o
 .text.prvAddNewTaskToReadyList
                0x08000fc4      0x12c ./Middleware/FreeRTOS/tasks.o
 .text.vTaskStartScheduler
                0x080010f0       0xa4 ./Middleware/FreeRTOS/tasks.o
                0x080010f0                vTaskStartScheduler
 .text.vTaskSuspendAll
                0x08001194       0x1c ./Middleware/FreeRTOS/tasks.o
                0x08001194                vTaskSuspendAll
 .text.xTaskResumeAll
                0x080011b0      0x1f8 ./Middleware/FreeRTOS/tasks.o
                0x080011b0                xTaskResumeAll
 .text.xTaskGetTickCount
                0x080013a8       0x20 ./Middleware/FreeRTOS/tasks.o
                0x080013a8                xTaskGetTickCount
 .text.xTaskIncrementTick
                0x080013c8      0x230 ./Middleware/FreeRTOS/tasks.o
                0x080013c8                xTaskIncrementTick
 .text.vTaskSwitchContext
                0x080015f8       0xb8 ./Middleware/FreeRTOS/tasks.o
                0x080015f8                vTaskSwitchContext
 .text.vTaskPlaceOnEventList
                0x080016b0       0x4c ./Middleware/FreeRTOS/tasks.o
                0x080016b0                vTaskPlaceOnEventList
 .text.vTaskPlaceOnEventListRestricted
                0x080016fc       0x8c ./Middleware/FreeRTOS/tasks.o
                0x080016fc                vTaskPlaceOnEventListRestricted
 .text.xTaskRemoveFromEventList
                0x08001788      0x1b0 ./Middleware/FreeRTOS/tasks.o
                0x08001788                xTaskRemoveFromEventList
 .text.vTaskInternalSetTimeOutState
                0x08001938       0x2c ./Middleware/FreeRTOS/tasks.o
                0x08001938                vTaskInternalSetTimeOutState
 .text.xTaskCheckForTimeOut
                0x08001964       0xd0 ./Middleware/FreeRTOS/tasks.o
                0x08001964                xTaskCheckForTimeOut
 .text.vTaskMissedYield
                0x08001a34       0x18 ./Middleware/FreeRTOS/tasks.o
                0x08001a34                vTaskMissedYield
 .text.prvIdleTask
                0x08001a4c       0x30 ./Middleware/FreeRTOS/tasks.o
 .text.prvInitialiseTaskLists
                0x08001a7c       0x80 ./Middleware/FreeRTOS/tasks.o
 .text.prvCheckTasksWaitingTermination
                0x08001afc       0x5c ./Middleware/FreeRTOS/tasks.o
 .text.prvDeleteTCB
                0x08001b58       0x20 ./Middleware/FreeRTOS/tasks.o
 .text.prvResetNextTaskUnblockTime
                0x08001b78       0x38 ./Middleware/FreeRTOS/tasks.o
 .text.xTaskGetSchedulerState
                0x08001bb0       0x3c ./Middleware/FreeRTOS/tasks.o
                0x08001bb0                xTaskGetSchedulerState
 .text.xTaskPriorityInherit
                0x08001bec      0x13c ./Middleware/FreeRTOS/tasks.o
                0x08001bec                xTaskPriorityInherit
 .text.xTaskPriorityDisinherit
                0x08001d28      0x14c ./Middleware/FreeRTOS/tasks.o
                0x08001d28                xTaskPriorityDisinherit
 .text.vTaskPriorityDisinheritAfterTimeout
                0x08001e74      0x174 ./Middleware/FreeRTOS/tasks.o
                0x08001e74                vTaskPriorityDisinheritAfterTimeout
 .text.pvTaskIncrementMutexHeldCount
                0x08001fe8       0x28 ./Middleware/FreeRTOS/tasks.o
                0x08001fe8                pvTaskIncrementMutexHeldCount
 .text.prvAddCurrentTaskToDelayedList
                0x08002010      0x100 ./Middleware/FreeRTOS/tasks.o
 .text.xTimerCreateTimerTask
                0x08002110       0x68 ./Middleware/FreeRTOS/timers.o
                0x08002110                xTimerCreateTimerTask
 .text.prvReloadTimer
                0x08002178       0x42 ./Middleware/FreeRTOS/timers.o
 *fill*         0x080021ba        0x2 
 .text.prvProcessExpiredTimer
                0x080021bc       0x60 ./Middleware/FreeRTOS/timers.o
 .text.prvTimerTask
                0x0800221c       0x26 ./Middleware/FreeRTOS/timers.o
 *fill*         0x08002242        0x2 
 .text.prvProcessTimerOrBlockTask
                0x08002244       0x9c ./Middleware/FreeRTOS/timers.o
 .text.prvGetNextExpireTime
                0x080022e0       0x48 ./Middleware/FreeRTOS/timers.o
 .text.prvSampleTimeNow
                0x08002328       0x40 ./Middleware/FreeRTOS/timers.o
 .text.prvInsertTimerInActiveList
                0x08002368       0x84 ./Middleware/FreeRTOS/timers.o
 .text.prvProcessReceivedCommands
                0x080023ec      0x184 ./Middleware/FreeRTOS/timers.o
 .text.prvSwitchTimerLists
                0x08002570       0x4c ./Middleware/FreeRTOS/timers.o
 .text.prvCheckForValidListAndQueue
                0x080025bc       0x6c ./Middleware/FreeRTOS/timers.o
 .text.pxPortInitialiseStack
                0x08002628       0x68 ./Middleware/FreeRTOS/portable/GCC/ARM_CM4F/port.o
                0x08002628                pxPortInitialiseStack
 .text.prvTaskExitError
                0x08002690       0x5c ./Middleware/FreeRTOS/portable/GCC/ARM_CM4F/port.o
 *fill*         0x080026ec        0x4 
 .text.SVC_Handler
                0x080026f0       0x28 ./Middleware/FreeRTOS/portable/GCC/ARM_CM4F/port.o
                0x080026f0                SVC_Handler
 .text.prvPortStartFirstTask
                0x08002718       0x2c ./Middleware/FreeRTOS/portable/GCC/ARM_CM4F/port.o
 .text.xPortStartScheduler
                0x08002744      0x148 ./Middleware/FreeRTOS/portable/GCC/ARM_CM4F/port.o
                0x08002744                xPortStartScheduler
 .text.vPortEnterCritical
                0x0800288c       0x64 ./Middleware/FreeRTOS/portable/GCC/ARM_CM4F/port.o
                0x0800288c                vPortEnterCritical
 .text.vPortExitCritical
                0x080028f0       0x54 ./Middleware/FreeRTOS/portable/GCC/ARM_CM4F/port.o
                0x080028f0                vPortExitCritical
 *fill*         0x08002944        0xc 
 .text.PendSV_Handler
                0x08002950       0x68 ./Middleware/FreeRTOS/portable/GCC/ARM_CM4F/port.o
                0x08002950                PendSV_Handler
 .text.SysTick_Handler
                0x080029b8       0x44 ./Middleware/FreeRTOS/portable/GCC/ARM_CM4F/port.o
                0x080029b8                SysTick_Handler
 .text.vPortSetupTimerInterrupt
                0x080029fc       0x48 ./Middleware/FreeRTOS/portable/GCC/ARM_CM4F/port.o
                0x080029fc                vPortSetupTimerInterrupt
 .text.vPortEnableVFP
                0x08002a44       0x18 ./Middleware/FreeRTOS/portable/GCC/ARM_CM4F/port.o
 .text.pvPortMalloc
                0x08002a5c      0x178 ./Middleware/FreeRTOS/portable/MemMang/heap_4.o
                0x08002a5c                pvPortMalloc
 .text.vPortFree
                0x08002bd4       0xbc ./Middleware/FreeRTOS/portable/MemMang/heap_4.o
                0x08002bd4                vPortFree
 .text.prvHeapInit
                0x08002c90       0xb8 ./Middleware/FreeRTOS/portable/MemMang/heap_4.o
 .text.prvInsertBlockIntoFreeList
                0x08002d48       0xb4 ./Middleware/FreeRTOS/portable/MemMang/heap_4.o
 .text.dma_clear_interrupt_flags
                0x08002dfc       0x5a ./Src/dma.o
                0x08002dfc                dma_clear_interrupt_flags
 .text.dma_get_interrupt_flag
                0x08002e56       0x6c ./Src/dma.o
                0x08002e56                dma_get_interrupt_flag
 *fill*         0x08002ec2        0x2 
 .text.flash_set_ws
                0x08002ec4       0x34 ./Src/flash.o
                0x08002ec4                flash_set_ws
 .text.flash_dcache_enable
                0x08002ef8       0x20 ./Src/flash.o
                0x08002ef8                flash_dcache_enable
 .text.flash_dcache_disable
                0x08002f18       0x20 ./Src/flash.o
                0x08002f18                flash_dcache_disable
 .text.flash_icache_enable
                0x08002f38       0x20 ./Src/flash.o
                0x08002f38                flash_icache_enable
 .text.flash_icache_disable
                0x08002f58       0x20 ./Src/flash.o
                0x08002f58                flash_icache_disable
 .text.DMA1_Stream5_IRQHandler
                0x08002f78       0x64 ./Src/main.o
                0x08002f78                DMA1_Stream5_IRQHandler
 .text.timer_init
                0x08002fdc       0x74 ./Src/main.o
                0x08002fdc                timer_init
 .text.clock_setup
                0x08003050       0x40 ./Src/main.o
                0x08003050                clock_setup
 .text.usart_setup
                0x08003090       0xb4 ./Src/main.o
                0x08003090                usart_setup
 .text.AcquisitionTask
                0x08003144       0x8c ./Src/main.o
                0x08003144                AcquisitionTask
 .text.ProcessingTask
                0x080031d0       0x24 ./Src/main.o
                0x080031d0                ProcessingTask
 .text.CommunicationTask
                0x080031f4       0x14 ./Src/main.o
                0x080031f4                CommunicationTask
 .text.main     0x08003208      0x1dc ./Src/main.o
                0x08003208                main
 .text.nvic_enable_irq
                0x080033e4       0x32 ./Src/nvic.o
                0x080033e4                nvic_enable_irq
 *fill*         0x08003416        0x2 
 .text.nvic_clear_pending_irq
                0x08003418       0x34 ./Src/nvic.o
                0x08003418                nvic_clear_pending_irq
 .text.nvic_set_priority
                0x0800344c       0x30 ./Src/nvic.o
                0x0800344c                nvic_set_priority
 .text.pwr_set_vos_scale
                0x0800347c       0x60 ./Src/pwr.o
                0x0800347c                pwr_set_vos_scale
 .text.rcc_is_osc_ready
                0x080034dc       0xdc ./Src/rcc.o
                0x080034dc                rcc_is_osc_ready
 .text.rcc_wait_for_osc_ready
                0x080035b8       0x2a ./Src/rcc.o
                0x080035b8                rcc_wait_for_osc_ready
 *fill*         0x080035e2        0x2 
 .text.rcc_wait_for_sysclk_status
                0x080035e4       0x68 ./Src/rcc.o
                0x080035e4                rcc_wait_for_sysclk_status
 .text.rcc_osc_on
                0x0800364c       0xb0 ./Src/rcc.o
                0x0800364c                rcc_osc_on
 .text.rcc_osc_off
                0x080036fc       0xb0 ./Src/rcc.o
                0x080036fc                rcc_osc_off
 .text.rcc_set_sysclk_source
                0x080037ac       0x30 ./Src/rcc.o
                0x080037ac                rcc_set_sysclk_source
 .text.rcc_set_ppre2
                0x080037dc       0x34 ./Src/rcc.o
                0x080037dc                rcc_set_ppre2
 .text.rcc_set_ppre1
                0x08003810       0x34 ./Src/rcc.o
                0x08003810                rcc_set_ppre1
 .text.rcc_set_hpre
                0x08003844       0x34 ./Src/rcc.o
                0x08003844                rcc_set_hpre
 .text.rcc_set_main_pll_hsi
                0x08003878       0x60 ./Src/rcc.o
                0x08003878                rcc_set_main_pll_hsi
 .text.rcc_set_main_pll_hse
                0x080038d8       0x64 ./Src/rcc.o
                0x080038d8                rcc_set_main_pll_hse
 .text.rcc_clock_setup_pll
                0x0800393c      0x140 ./Src/rcc.o
                0x0800393c                rcc_clock_setup_pll
 .text.rcc_get_usart_clk_freq
                0x08003a7c       0x40 ./Src/rcc.o
                0x08003a7c                rcc_get_usart_clk_freq
 .text.rcc_periph_clock_enable
                0x08003abc       0x4a ./Src/rcc.o
                0x08003abc                rcc_periph_clock_enable
 .text.timer_set_mode
                0x08003b06       0x3e ./Src/timer.o
                0x08003b06                timer_set_mode
 .text.timer_enable_preload
                0x08003b44       0x20 ./Src/timer.o
                0x08003b44                timer_enable_preload
 .text.timer_continuous_mode
                0x08003b64       0x20 ./Src/timer.o
                0x08003b64                timer_continuous_mode
 .text.timer_update_on_overflow
                0x08003b84       0x20 ./Src/timer.o
                0x08003b84                timer_update_on_overflow
 .text.timer_enable_counter
                0x08003ba4       0x20 ./Src/timer.o
                0x08003ba4                timer_enable_counter
 .text.timer_disable_counter
                0x08003bc4       0x20 ./Src/timer.o
                0x08003bc4                timer_disable_counter
 .text.timer_set_dma_on_update_event
                0x08003be4       0x24 ./Src/timer.o
                0x08003be4                timer_set_dma_on_update_event
 .text.timer_set_prescaler
                0x08003c08       0x20 ./Src/timer.o
                0x08003c08                timer_set_prescaler
 .text.timer_set_period
                0x08003c28       0x20 ./Src/timer.o
                0x08003c28                timer_set_period
 .text.timer_get_counter
                0x08003c48       0x1a ./Src/timer.o
                0x08003c48                timer_get_counter
 .text.usart_set_baudrate
                0x08003c62       0x30 ./Src/usart.o
                0x08003c62                usart_set_baudrate
 .text.usart_set_databits
                0x08003c92       0x3e ./Src/usart.o
                0x08003c92                usart_set_databits
 .text.usart_get_databits
                0x08003cd0       0x2c ./Src/usart.o
                0x08003cd0                usart_get_databits
 .text.usart_set_stopbits
                0x08003cfc       0x34 ./Src/usart.o
                0x08003cfc                usart_set_stopbits
 .text.usart_get_stopbits
                0x08003d30       0x22 ./Src/usart.o
                0x08003d30                usart_get_stopbits
 .text.usart_set_parity
                0x08003d52       0x34 ./Src/usart.o
                0x08003d52                usart_set_parity
 .text.usart_get_parity
                0x08003d86       0x22 ./Src/usart.o
                0x08003d86                usart_get_parity
 .text.usart_set_mode
                0x08003da8       0x34 ./Src/usart.o
                0x08003da8                usart_set_mode
 .text.usart_set_flow_control
                0x08003ddc       0x34 ./Src/usart.o
                0x08003ddc                usart_set_flow_control
 .text.usart_enable
                0x08003e10       0x24 ./Src/usart.o
                0x08003e10                usart_enable
 .text.usart_disable
                0x08003e34       0x24 ./Src/usart.o
                0x08003e34                usart_disable
 .text.usart_disable_rx_dma
                0x08003e58       0x24 ./Src/usart.o
                0x08003e58                usart_disable_rx_dma
 .text.usart_disable_tx_dma
                0x08003e7c       0x24 ./Src/usart.o
                0x08003e7c                usart_disable_tx_dma
 .text.usart_enable_rx_interrupt
                0x08003ea0       0x24 ./Src/usart.o
                0x08003ea0                usart_enable_rx_interrupt
 .text.usart_disable_tx_interrupt
                0x08003ec4       0x24 ./Src/usart.o
                0x08003ec4                usart_disable_tx_interrupt
 .text.usart_disable_tx_complete_interrupt
                0x08003ee8       0x24 ./Src/usart.o
                0x08003ee8                usart_disable_tx_complete_interrupt
 .text.usart_disable_idle_interrupt
                0x08003f0c       0x24 ./Src/usart.o
                0x08003f0c                usart_disable_idle_interrupt
 .text.usart_disable_error_interrupt
                0x08003f30       0x24 ./Src/usart.o
                0x08003f30                usart_disable_error_interrupt
 .text.Reset_Handler
                0x08003f54       0x50 ./Startup/startup_stm32f407vgtx.o
                0x08003f54                Reset_Handler
 .text.Default_Handler
                0x08003fa4        0x2 ./Startup/startup_stm32f407vgtx.o
                0x08003fa4                RTC_Alarm_IRQHandler
                0x08003fa4                HASH_RNG_IRQHandler
                0x08003fa4                EXTI2_IRQHandler
                0x08003fa4                TIM8_CC_IRQHandler
                0x08003fa4                DebugMon_Handler
                0x08003fa4                TIM1_CC_IRQHandler
                0x08003fa4                DMA2_Stream5_IRQHandler
                0x08003fa4                HardFault_Handler
                0x08003fa4                PVD_IRQHandler
                0x08003fa4                SDIO_IRQHandler
                0x08003fa4                TAMP_STAMP_IRQHandler
                0x08003fa4                NMI_Handler
                0x08003fa4                CAN2_RX1_IRQHandler
                0x08003fa4                EXTI3_IRQHandler
                0x08003fa4                TIM8_TRG_COM_TIM14_IRQHandler
                0x08003fa4                TIM1_UP_TIM10_IRQHandler
                0x08003fa4                TIM8_UP_TIM13_IRQHandler
                0x08003fa4                I2C3_ER_IRQHandler
                0x08003fa4                EXTI0_IRQHandler
                0x08003fa4                I2C2_EV_IRQHandler
                0x08003fa4                DMA1_Stream2_IRQHandler
                0x08003fa4                CAN1_RX0_IRQHandler
                0x08003fa4                FPU_IRQHandler
                0x08003fa4                OTG_HS_WKUP_IRQHandler
                0x08003fa4                UsageFault_Handler
                0x08003fa4                CAN2_SCE_IRQHandler
                0x08003fa4                DMA2_Stream2_IRQHandler
                0x08003fa4                SPI1_IRQHandler
                0x08003fa4                TIM6_DAC_IRQHandler
                0x08003fa4                TIM1_BRK_TIM9_IRQHandler
                0x08003fa4                DCMI_IRQHandler
                0x08003fa4                CAN2_RX0_IRQHandler
                0x08003fa4                DMA2_Stream3_IRQHandler
                0x08003fa4                USART6_IRQHandler
                0x08003fa4                USART3_IRQHandler
                0x08003fa4                CRYP_IRQHandler
                0x08003fa4                CAN1_RX1_IRQHandler
                0x08003fa4                UART5_IRQHandler
                0x08003fa4                DMA2_Stream0_IRQHandler
                0x08003fa4                TIM4_IRQHandler
                0x08003fa4                I2C1_EV_IRQHandler
                0x08003fa4                DMA1_Stream6_IRQHandler
                0x08003fa4                DMA1_Stream1_IRQHandler
                0x08003fa4                UART4_IRQHandler
                0x08003fa4                TIM3_IRQHandler
                0x08003fa4                RCC_IRQHandler
                0x08003fa4                TIM8_BRK_TIM12_IRQHandler
                0x08003fa4                Default_Handler
                0x08003fa4                EXTI15_10_IRQHandler
                0x08003fa4                ADC_IRQHandler
                0x08003fa4                DMA1_Stream7_IRQHandler
                0x08003fa4                TIM7_IRQHandler
                0x08003fa4                CAN2_TX_IRQHandler
                0x08003fa4                TIM5_IRQHandler
                0x08003fa4                DMA2_Stream7_IRQHandler
                0x08003fa4                I2C3_EV_IRQHandler
                0x08003fa4                EXTI9_5_IRQHandler
                0x08003fa4                RTC_WKUP_IRQHandler
                0x08003fa4                ETH_WKUP_IRQHandler
                0x08003fa4                SPI2_IRQHandler
                0x08003fa4                OTG_HS_EP1_IN_IRQHandler
                0x08003fa4                MemManage_Handler
                0x08003fa4                DMA1_Stream0_IRQHandler
                0x08003fa4                CAN1_TX_IRQHandler
                0x08003fa4                EXTI4_IRQHandler
                0x08003fa4                FSMC_IRQHandler
                0x08003fa4                ETH_IRQHandler
                0x08003fa4                OTG_HS_EP1_OUT_IRQHandler
                0x08003fa4                WWDG_IRQHandler
                0x08003fa4                TIM2_IRQHandler
                0x08003fa4                OTG_FS_WKUP_IRQHandler
                0x08003fa4                TIM1_TRG_COM_TIM11_IRQHandler
                0x08003fa4                OTG_HS_IRQHandler
                0x08003fa4                EXTI1_IRQHandler
                0x08003fa4                USART2_IRQHandler
                0x08003fa4                I2C2_ER_IRQHandler
                0x08003fa4                DMA2_Stream1_IRQHandler
                0x08003fa4                CAN1_SCE_IRQHandler
                0x08003fa4                DMA2_Stream4_IRQHandler
                0x08003fa4                BusFault_Handler
                0x08003fa4                USART1_IRQHandler
                0x08003fa4                OTG_FS_IRQHandler
                0x08003fa4                SPI3_IRQHandler
                0x08003fa4                DMA1_Stream4_IRQHandler
                0x08003fa4                I2C1_ER_IRQHandler
                0x08003fa4                DMA2_Stream6_IRQHandler
                0x08003fa4                DMA1_Stream3_IRQHandler
 .text.memset   0x08003fa6       0x10 D:/Users/Documents/STM32CubeIDE_1.16.1/STM32CubeIDE/plugins/com.st.stm32cube.ide.mcu.externaltools.gnu-tools-for-stm32.12.3.rel1.win32_1.0.200.202406191623/tools/bin/../lib/gcc/arm-none-eabi/12.3.1/../../../../arm-none-eabi/lib/thumb/v7e-m+fp/hard\libc_nano.a(libc_a-memset.o)
                0x08003fa6                memset
 *fill*         0x08003fb6        0x2 
 .text.__libc_init_array
                0x08003fb8       0x48 D:/Users/Documents/STM32CubeIDE_1.16.1/STM32CubeIDE/plugins/com.st.stm32cube.ide.mcu.externaltools.gnu-tools-for-stm32.12.3.rel1.win32_1.0.200.202406191623/tools/bin/../lib/gcc/arm-none-eabi/12.3.1/../../../../arm-none-eabi/lib/thumb/v7e-m+fp/hard\libc_nano.a(libc_a-init.o)
                0x08003fb8                __libc_init_array
 .text.memcpy   0x08004000       0x1c D:/Users/Documents/STM32CubeIDE_1.16.1/STM32CubeIDE/plugins/com.st.stm32cube.ide.mcu.externaltools.gnu-tools-for-stm32.12.3.rel1.win32_1.0.200.202406191623/tools/bin/../lib/gcc/arm-none-eabi/12.3.1/../../../../arm-none-eabi/lib/thumb/v7e-m+fp/hard\libc_nano.a(libc_a-memcpy-stub.o)
                0x08004000                memcpy
 *(.glue_7)
 .glue_7        0x0800401c        0x0 linker stubs
 *(.glue_7t)
 .glue_7t       0x0800401c        0x0 linker stubs
 *(.eh_frame)
 .eh_frame      0x0800401c        0x0 D:/Users/Documents/STM32CubeIDE_1.16.1/STM32CubeIDE/plugins/com.st.stm32cube.ide.mcu.externaltools.gnu-tools-for-stm32.12.3.rel1.win32_1.0.200.202406191623/tools/bin/../lib/gcc/arm-none-eabi/12.3.1/thumb/v7e-m+fp/hard/crtbegin.o
 *(.init)
 .init          0x0800401c        0x4 D:/Users/Documents/STM32CubeIDE_1.16.1/STM32CubeIDE/plugins/com.st.stm32cube.ide.mcu.externaltools.gnu-tools-for-stm32.12.3.rel1.win32_1.0.200.202406191623/tools/bin/../lib/gcc/arm-none-eabi/12.3.1/thumb/v7e-m+fp/hard/crti.o
                0x0800401c                _init
 .init          0x08004020        0x8 D:/Users/Documents/STM32CubeIDE_1.16.1/STM32CubeIDE/plugins/com.st.stm32cube.ide.mcu.externaltools.gnu-tools-for-stm32.12.3.rel1.win32_1.0.200.202406191623/tools/bin/../lib/gcc/arm-none-eabi/12.3.1/thumb/v7e-m+fp/hard/crtn.o
 *(.fini)
 .fini          0x08004028        0x4 D:/Users/Documents/STM32CubeIDE_1.16.1/STM32CubeIDE/plugins/com.st.stm32cube.ide.mcu.externaltools.gnu-tools-for-stm32.12.3.rel1.win32_1.0.200.202406191623/tools/bin/../lib/gcc/arm-none-eabi/12.3.1/thumb/v7e-m+fp/hard/crti.o
                0x08004028                _fini
 .fini          0x0800402c        0x8 D:/Users/Documents/STM32CubeIDE_1.16.1/STM32CubeIDE/plugins/com.st.stm32cube.ide.mcu.externaltools.gnu-tools-for-stm32.12.3.rel1.win32_1.0.200.202406191623/tools/bin/../lib/gcc/arm-none-eabi/12.3.1/thumb/v7e-m+fp/hard/crtn.o
                0x08004034                        . = ALIGN (0x4)
                0x08004034                        _etext = .

.vfp11_veneer   0x08004034        0x0
 .vfp11_veneer  0x08004034        0x0 linker stubs

.v4_bx          0x08004034        0x0
 .v4_bx         0x08004034        0x0 linker stubs

.iplt           0x08004034        0x0
 .iplt          0x08004034        0x0 D:/Users/Documents/STM32CubeIDE_1.16.1/STM32CubeIDE/plugins/com.st.stm32cube.ide.mcu.externaltools.gnu-tools-for-stm32.12.3.rel1.win32_1.0.200.202406191623/tools/bin/../lib/gcc/arm-none-eabi/12.3.1/thumb/v7e-m+fp/hard/crtbegin.o

.rodata         0x08004034       0xa8
                0x08004034                        . = ALIGN (0x4)
 *(.rodata)
 .rodata        0x08004034        0x5 ./Middleware/FreeRTOS/tasks.o
 *fill*         0x08004039        0x3 
 .rodata        0x0800403c        0xd ./Middleware/FreeRTOS/timers.o
 *fill*         0x08004049        0x3 
 .rodata        0x0800404c       0x1d ./Src/main.o
 *(.rodata*)
 *fill*         0x08004069        0x3 
 .rodata.rcc_hse_8mhz_3v3
                0x0800406c       0x70 ./Src/rcc.o
                0x0800406c                rcc_hse_8mhz_3v3
                0x080040dc                        . = ALIGN (0x4)

.ARM.extab      0x080040dc        0x0
                0x080040dc                        . = ALIGN (0x4)
 *(.ARM.extab* .gnu.linkonce.armextab.*)
                0x080040dc                        . = ALIGN (0x4)

.ARM            0x080040dc        0x0
                0x080040dc                        . = ALIGN (0x4)
                0x080040dc                        __exidx_start = .
 *(.ARM.exidx*)
                0x080040dc                        __exidx_end = .
                0x080040dc                        . = ALIGN (0x4)

.preinit_array  0x080040dc        0x0
                0x080040dc                        . = ALIGN (0x4)
                0x080040dc                        PROVIDE (__preinit_array_start = .)
 *(.preinit_array*)
                0x080040dc                        PROVIDE (__preinit_array_end = .)
                0x080040dc                        . = ALIGN (0x4)

.init_array     0x080040dc        0x4
                0x080040dc                        . = ALIGN (0x4)
                0x080040dc                        PROVIDE (__init_array_start = .)
 *(SORT_BY_NAME(.init_array.*))
 *(.init_array*)
 .init_array    0x080040dc        0x4 D:/Users/Documents/STM32CubeIDE_1.16.1/STM32CubeIDE/plugins/com.st.stm32cube.ide.mcu.externaltools.gnu-tools-for-stm32.12.3.rel1.win32_1.0.200.202406191623/tools/bin/../lib/gcc/arm-none-eabi/12.3.1/thumb/v7e-m+fp/hard/crtbegin.o
                0x080040e0                        PROVIDE (__init_array_end = .)
                0x080040e0                        . = ALIGN (0x4)

.fini_array     0x080040e0        0x4
                0x080040e0                        . = ALIGN (0x4)
                [!provide]                        PROVIDE (__fini_array_start = .)
 *(SORT_BY_NAME(.fini_array.*))
 *(.fini_array*)
 .fini_array    0x080040e0        0x4 D:/Users/Documents/STM32CubeIDE_1.16.1/STM32CubeIDE/plugins/com.st.stm32cube.ide.mcu.externaltools.gnu-tools-for-stm32.12.3.rel1.win32_1.0.200.202406191623/tools/bin/../lib/gcc/arm-none-eabi/12.3.1/thumb/v7e-m+fp/hard/crtbegin.o
                [!provide]                        PROVIDE (__fini_array_end = .)
                0x080040e4                        . = ALIGN (0x4)
                0x080040e4                        _sidata = LOADADDR (.data)

.rel.dyn        0x080040e4        0x0
 .rel.iplt      0x080040e4        0x0 D:/Users/Documents/STM32CubeIDE_1.16.1/STM32CubeIDE/plugins/com.st.stm32cube.ide.mcu.externaltools.gnu-tools-for-stm32.12.3.rel1.win32_1.0.200.202406191623/tools/bin/../lib/gcc/arm-none-eabi/12.3.1/thumb/v7e-m+fp/hard/crtbegin.o

.data           0x20000000       0x18 load address 0x080040e4
                0x20000000                        . = ALIGN (0x4)
                0x20000000                        _sdata = .
 *(.data)
 *(.data*)
 .data.uxTopUsedPriority
                0x20000000        0x4 ./Middleware/FreeRTOS/tasks.o
                0x20000000                uxTopUsedPriority
 .data.uxCriticalNesting
                0x20000004        0x4 ./Middleware/FreeRTOS/portable/GCC/ARM_CM4F/port.o
 .data.SystemCoreClock
                0x20000008        0x4 ./Src/main.o
                0x20000008                SystemCoreClock
 .data.rcc_ahb_frequency
                0x2000000c        0x4 ./Src/rcc.o
                0x2000000c                rcc_ahb_frequency
 .data.rcc_apb1_frequency
                0x20000010        0x4 ./Src/rcc.o
                0x20000010                rcc_apb1_frequency
 .data.rcc_apb2_frequency
                0x20000014        0x4 ./Src/rcc.o
                0x20000014                rcc_apb2_frequency
 *(.RamFunc)
 *(.RamFunc*)
                0x20000018                        . = ALIGN (0x4)
                0x20000018                        _edata = .
                0x080040fc                        _siccmram = LOADADDR (.ccmram)

.igot.plt       0x20000018        0x0 load address 0x080040fc
 .igot.plt      0x20000018        0x0 D:/Users/Documents/STM32CubeIDE_1.16.1/STM32CubeIDE/plugins/com.st.stm32cube.ide.mcu.externaltools.gnu-tools-for-stm32.12.3.rel1.win32_1.0.200.202406191623/tools/bin/../lib/gcc/arm-none-eabi/12.3.1/thumb/v7e-m+fp/hard/crtbegin.o

.ccmram         0x10000000        0x0 load address 0x080040fc
                0x10000000                        . = ALIGN (0x4)
                0x10000000                        _sccmram = .
 *(.ccmram)
 *(.ccmram*)
                0x10000000                        . = ALIGN (0x4)
                0x10000000                        _eccmram = .
                0x10000000                        . = ALIGN (0x4)

.bss            0x20000018    0x1301c
                0x20000018                        _sbss = .
                0x20000018                        __bss_start__ = _sbss
 *(.bss)
 .bss           0x20000018       0x1c D:/Users/Documents/STM32CubeIDE_1.16.1/STM32CubeIDE/plugins/com.st.stm32cube.ide.mcu.externaltools.gnu-tools-for-stm32.12.3.rel1.win32_1.0.200.202406191623/tools/bin/../lib/gcc/arm-none-eabi/12.3.1/thumb/v7e-m+fp/hard/crtbegin.o
 *(.bss*)
 .bss.xQueueRegistry
                0x20000034       0x40 ./Middleware/FreeRTOS/queue.o
                0x20000034                xQueueRegistry
 .bss.pxCurrentTCB
                0x20000074        0x4 ./Middleware/FreeRTOS/tasks.o
                0x20000074                pxCurrentTCB
 .bss.pxReadyTasksLists
                0x20000078       0x64 ./Middleware/FreeRTOS/tasks.o
 .bss.xDelayedTaskList1
                0x200000dc       0x14 ./Middleware/FreeRTOS/tasks.o
 .bss.xDelayedTaskList2
                0x200000f0       0x14 ./Middleware/FreeRTOS/tasks.o
 .bss.pxDelayedTaskList
                0x20000104        0x4 ./Middleware/FreeRTOS/tasks.o
 .bss.pxOverflowDelayedTaskList
                0x20000108        0x4 ./Middleware/FreeRTOS/tasks.o
 .bss.xPendingReadyList
                0x2000010c       0x14 ./Middleware/FreeRTOS/tasks.o
 .bss.xTasksWaitingTermination
                0x20000120       0x14 ./Middleware/FreeRTOS/tasks.o
 .bss.uxDeletedTasksWaitingCleanUp
                0x20000134        0x4 ./Middleware/FreeRTOS/tasks.o
 .bss.xSuspendedTaskList
                0x20000138       0x14 ./Middleware/FreeRTOS/tasks.o
 .bss.uxCurrentNumberOfTasks
                0x2000014c        0x4 ./Middleware/FreeRTOS/tasks.o
 .bss.xTickCount
                0x20000150        0x4 ./Middleware/FreeRTOS/tasks.o
 .bss.uxTopReadyPriority
                0x20000154        0x4 ./Middleware/FreeRTOS/tasks.o
 .bss.xSchedulerRunning
                0x20000158        0x4 ./Middleware/FreeRTOS/tasks.o
 .bss.xPendedTicks
                0x2000015c        0x4 ./Middleware/FreeRTOS/tasks.o
 .bss.xYieldPending
                0x20000160        0x4 ./Middleware/FreeRTOS/tasks.o
 .bss.xNumOfOverflows
                0x20000164        0x4 ./Middleware/FreeRTOS/tasks.o
 .bss.uxTaskNumber
                0x20000168        0x4 ./Middleware/FreeRTOS/tasks.o
 .bss.xNextTaskUnblockTime
                0x2000016c        0x4 ./Middleware/FreeRTOS/tasks.o
 .bss.xIdleTaskHandle
                0x20000170        0x4 ./Middleware/FreeRTOS/tasks.o
 .bss.uxSchedulerSuspended
                0x20000174        0x4 ./Middleware/FreeRTOS/tasks.o
 .bss.xActiveTimerList1
                0x20000178       0x14 ./Middleware/FreeRTOS/timers.o
 .bss.xActiveTimerList2
                0x2000018c       0x14 ./Middleware/FreeRTOS/timers.o
 .bss.pxCurrentTimerList
                0x200001a0        0x4 ./Middleware/FreeRTOS/timers.o
 .bss.pxOverflowTimerList
                0x200001a4        0x4 ./Middleware/FreeRTOS/timers.o
 .bss.xTimerQueue
                0x200001a8        0x4 ./Middleware/FreeRTOS/timers.o
 .bss.xTimerTaskHandle
                0x200001ac        0x4 ./Middleware/FreeRTOS/timers.o
 .bss.xLastTime.0
                0x200001b0        0x4 ./Middleware/FreeRTOS/timers.o
 .bss.ucMaxSysCallPriority
                0x200001b4        0x1 ./Middleware/FreeRTOS/portable/GCC/ARM_CM4F/port.o
 *fill*         0x200001b5        0x3 
 .bss.ulMaxPRIGROUPValue
                0x200001b8        0x4 ./Middleware/FreeRTOS/portable/GCC/ARM_CM4F/port.o
 .bss.ucHeap    0x200001bc    0x12c00 ./Middleware/FreeRTOS/portable/MemMang/heap_4.o
 .bss.xStart    0x20012dbc        0x8 ./Middleware/FreeRTOS/portable/MemMang/heap_4.o
 .bss.pxEnd     0x20012dc4        0x4 ./Middleware/FreeRTOS/portable/MemMang/heap_4.o
 .bss.xFreeBytesRemaining
                0x20012dc8        0x4 ./Middleware/FreeRTOS/portable/MemMang/heap_4.o
 .bss.xMinimumEverFreeBytesRemaining
                0x20012dcc        0x4 ./Middleware/FreeRTOS/portable/MemMang/heap_4.o
 .bss.xNumberOfSuccessfulAllocations
                0x20012dd0        0x4 ./Middleware/FreeRTOS/portable/MemMang/heap_4.o
 .bss.xNumberOfSuccessfulFrees
                0x20012dd4        0x4 ./Middleware/FreeRTOS/portable/MemMang/heap_4.o
 .bss.dma_buffer
                0x20012dd8      0x204 ./Src/main.o
 .bss.acquisitionTaskHandle
                0x20012fdc        0x4 ./Src/main.o
 .bss.processingTaskHandle
                0x20012fe0        0x4 ./Src/main.o
 .bss.commTaskHandle
                0x20012fe4        0x4 ./Src/main.o
 .bss.dmaSemaphore
                0x20012fe8        0x4 ./Src/main.o
 .bss.B         0x20012fec        0x4 ./Src/main.o
                0x20012fec                B
 .bss.dmaQueue  0x20012ff0       0x40 ./Src/main.o
                0x20012ff0                dmaQueue
 .bss.uartQueue
                0x20013030        0x4 ./Src/main.o
                0x20013030                uartQueue
 *(COMMON)
                0x20013034                        . = ALIGN (0x4)
                0x20013034                        _ebss = .
                0x20013034                        __bss_end__ = _ebss

._user_heap_stack
                0x20013034      0x604
                0x20013038                        . = ALIGN (0x8)
 *fill*         0x20013034        0x4 
                [!provide]                        PROVIDE (end = .)
                0x20013038                        PROVIDE (_end = .)
                0x20013238                        . = (. + _Min_Heap_Size)
 *fill*         0x20013038      0x200 
                0x20013638                        . = (. + _Min_Stack_Size)
 *fill*         0x20013238      0x400 
                0x20013638                        . = ALIGN (0x8)

/DISCARD/
 libc.a(*)
 libm.a(*)
 libgcc.a(*)

.ARM.attributes
                0x00000000       0x30
 *(.ARM.attributes)
 .ARM.attributes
                0x00000000       0x22 D:/Users/Documents/STM32CubeIDE_1.16.1/STM32CubeIDE/plugins/com.st.stm32cube.ide.mcu.externaltools.gnu-tools-for-stm32.12.3.rel1.win32_1.0.200.202406191623/tools/bin/../lib/gcc/arm-none-eabi/12.3.1/thumb/v7e-m+fp/hard/crti.o
 .ARM.attributes
                0x00000022       0x34 D:/Users/Documents/STM32CubeIDE_1.16.1/STM32CubeIDE/plugins/com.st.stm32cube.ide.mcu.externaltools.gnu-tools-for-stm32.12.3.rel1.win32_1.0.200.202406191623/tools/bin/../lib/gcc/arm-none-eabi/12.3.1/thumb/v7e-m+fp/hard/crtbegin.o
 .ARM.attributes
                0x00000056       0x34 ./Middleware/FreeRTOS/list.o
 .ARM.attributes
                0x0000008a       0x34 ./Middleware/FreeRTOS/queue.o
 .ARM.attributes
                0x000000be       0x34 ./Middleware/FreeRTOS/tasks.o
 .ARM.attributes
                0x000000f2       0x34 ./Middleware/FreeRTOS/timers.o
 .ARM.attributes
                0x00000126       0x34 ./Middleware/FreeRTOS/portable/GCC/ARM_CM4F/port.o
 .ARM.attributes
                0x0000015a       0x34 ./Middleware/FreeRTOS/portable/MemMang/heap_4.o
 .ARM.attributes
                0x0000018e       0x34 ./Src/dma.o
 .ARM.attributes
                0x000001c2       0x34 ./Src/flash.o
 .ARM.attributes
                0x000001f6       0x34 ./Src/main.o
 .ARM.attributes
                0x0000022a       0x34 ./Src/nvic.o
 .ARM.attributes
                0x0000025e       0x34 ./Src/pwr.o
 .ARM.attributes
                0x00000292       0x34 ./Src/rcc.o
 .ARM.attributes
                0x000002c6       0x34 ./Src/timer.o
 .ARM.attributes
                0x000002fa       0x34 ./Src/usart.o
 .ARM.attributes
                0x0000032e       0x21 ./Startup/startup_stm32f407vgtx.o
 .ARM.attributes
                0x0000034f       0x34 D:/Users/Documents/STM32CubeIDE_1.16.1/STM32CubeIDE/plugins/com.st.stm32cube.ide.mcu.externaltools.gnu-tools-for-stm32.12.3.rel1.win32_1.0.200.202406191623/tools/bin/../lib/gcc/arm-none-eabi/12.3.1/../../../../arm-none-eabi/lib/thumb/v7e-m+fp/hard\libc_nano.a(libc_a-memset.o)
 .ARM.attributes
                0x00000383       0x34 D:/Users/Documents/STM32CubeIDE_1.16.1/STM32CubeIDE/plugins/com.st.stm32cube.ide.mcu.externaltools.gnu-tools-for-stm32.12.3.rel1.win32_1.0.200.202406191623/tools/bin/../lib/gcc/arm-none-eabi/12.3.1/../../../../arm-none-eabi/lib/thumb/v7e-m+fp/hard\libc_nano.a(libc_a-init.o)
 .ARM.attributes
                0x000003b7       0x34 D:/Users/Documents/STM32CubeIDE_1.16.1/STM32CubeIDE/plugins/com.st.stm32cube.ide.mcu.externaltools.gnu-tools-for-stm32.12.3.rel1.win32_1.0.200.202406191623/tools/bin/../lib/gcc/arm-none-eabi/12.3.1/../../../../arm-none-eabi/lib/thumb/v7e-m+fp/hard\libc_nano.a(libc_a-memcpy-stub.o)
 .ARM.attributes
                0x000003eb       0x22 D:/Users/Documents/STM32CubeIDE_1.16.1/STM32CubeIDE/plugins/com.st.stm32cube.ide.mcu.externaltools.gnu-tools-for-stm32.12.3.rel1.win32_1.0.200.202406191623/tools/bin/../lib/gcc/arm-none-eabi/12.3.1/thumb/v7e-m+fp/hard/crtn.o
OUTPUT(Logic Analyzer.elf elf32-littlearm)
LOAD linker stubs
LOAD D:/Users/Documents/STM32CubeIDE_1.16.1/STM32CubeIDE/plugins/com.st.stm32cube.ide.mcu.externaltools.gnu-tools-for-stm32.12.3.rel1.win32_1.0.200.202406191623/tools/bin/../lib/gcc/arm-none-eabi/12.3.1/../../../../arm-none-eabi/lib/thumb/v7e-m+fp/hard\libc.a
LOAD D:/Users/Documents/STM32CubeIDE_1.16.1/STM32CubeIDE/plugins/com.st.stm32cube.ide.mcu.externaltools.gnu-tools-for-stm32.12.3.rel1.win32_1.0.200.202406191623/tools/bin/../lib/gcc/arm-none-eabi/12.3.1/../../../../arm-none-eabi/lib/thumb/v7e-m+fp/hard\libm.a
LOAD D:/Users/Documents/STM32CubeIDE_1.16.1/STM32CubeIDE/plugins/com.st.stm32cube.ide.mcu.externaltools.gnu-tools-for-stm32.12.3.rel1.win32_1.0.200.202406191623/tools/bin/../lib/gcc/arm-none-eabi/12.3.1/thumb/v7e-m+fp/hard\libgcc.a

.debug_info     0x00000000     0xa348
 .debug_info    0x00000000      0x2af ./Middleware/FreeRTOS/list.o
 .debug_info    0x000002af     0x184f ./Middleware/FreeRTOS/queue.o
 .debug_info    0x00001afe     0x2401 ./Middleware/FreeRTOS/tasks.o
 .debug_info    0x00003eff      0xe20 ./Middleware/FreeRTOS/timers.o
 .debug_info    0x00004d1f      0x4e1 ./Middleware/FreeRTOS/portable/GCC/ARM_CM4F/port.o
 .debug_info    0x00005200      0x523 ./Middleware/FreeRTOS/portable/MemMang/heap_4.o
 .debug_info    0x00005723      0xae8 ./Src/dma.o
 .debug_info    0x0000620b      0x3f1 ./Src/flash.o
 .debug_info    0x000065fc     0x10bc ./Src/main.o
 .debug_info    0x000076b8      0x20c ./Src/nvic.o
 .debug_info    0x000078c4      0x1f6 ./Src/pwr.o
 .debug_info    0x00007aba     0x111b ./Src/rcc.o
 .debug_info    0x00008bd5     0x10df ./Src/timer.o
 .debug_info    0x00009cb4      0x664 ./Src/usart.o
 .debug_info    0x0000a318       0x30 ./Startup/startup_stm32f407vgtx.o

.debug_abbrev   0x00000000     0x1ba3
 .debug_abbrev  0x00000000       0xf5 ./Middleware/FreeRTOS/list.o
 .debug_abbrev  0x000000f5      0x323 ./Middleware/FreeRTOS/queue.o
 .debug_abbrev  0x00000418      0x37e ./Middleware/FreeRTOS/tasks.o
 .debug_abbrev  0x00000796      0x2cb ./Middleware/FreeRTOS/timers.o
 .debug_abbrev  0x00000a61      0x25a ./Middleware/FreeRTOS/portable/GCC/ARM_CM4F/port.o
 .debug_abbrev  0x00000cbb      0x256 ./Middleware/FreeRTOS/portable/MemMang/heap_4.o
 .debug_abbrev  0x00000f11      0x154 ./Src/dma.o
 .debug_abbrev  0x00001065      0x170 ./Src/flash.o
 .debug_abbrev  0x000011d5      0x375 ./Src/main.o
 .debug_abbrev  0x0000154a       0xa2 ./Src/nvic.o
 .debug_abbrev  0x000015ec       0xd1 ./Src/pwr.o
 .debug_abbrev  0x000016bd      0x21f ./Src/rcc.o
 .debug_abbrev  0x000018dc      0x145 ./Src/timer.o
 .debug_abbrev  0x00001a21      0x15e ./Src/usart.o
 .debug_abbrev  0x00001b7f       0x24 ./Startup/startup_stm32f407vgtx.o

.debug_aranges  0x00000000      0xe38
 .debug_aranges
                0x00000000       0x40 ./Middleware/FreeRTOS/list.o
 .debug_aranges
                0x00000040      0x130 ./Middleware/FreeRTOS/queue.o
 .debug_aranges
                0x00000170      0x1f8 ./Middleware/FreeRTOS/tasks.o
 .debug_aranges
                0x00000368       0xe8 ./Middleware/FreeRTOS/timers.o
 .debug_aranges
                0x00000450       0x80 ./Middleware/FreeRTOS/portable/GCC/ARM_CM4F/port.o
 .debug_aranges
                0x000004d0       0x60 ./Middleware/FreeRTOS/portable/MemMang/heap_4.o
 .debug_aranges
                0x00000530      0x170 ./Src/dma.o
 .debug_aranges
                0x000006a0       0xf8 ./Src/flash.o
 .debug_aranges
                0x00000798       0x68 ./Src/main.o
 .debug_aranges
                0x00000800       0x60 ./Src/nvic.o
 .debug_aranges
                0x00000860       0x98 ./Src/pwr.o
 .debug_aranges
                0x000008f8      0x178 ./Src/rcc.o
 .debug_aranges
                0x00000a70      0x288 ./Src/timer.o
 .debug_aranges
                0x00000cf8      0x118 ./Src/usart.o
 .debug_aranges
                0x00000e10       0x28 ./Startup/startup_stm32f407vgtx.o

.debug_rnglists
                0x00000000      0xab7
 .debug_rnglists
                0x00000000       0x2b ./Middleware/FreeRTOS/list.o
 .debug_rnglists
                0x0000002b       0xec ./Middleware/FreeRTOS/queue.o
 .debug_rnglists
                0x00000117      0x195 ./Middleware/FreeRTOS/tasks.o
 .debug_rnglists
                0x000002ac       0xad ./Middleware/FreeRTOS/timers.o
 .debug_rnglists
                0x00000359       0x5d ./Middleware/FreeRTOS/portable/GCC/ARM_CM4F/port.o
 .debug_rnglists
                0x000003b6       0x48 ./Middleware/FreeRTOS/portable/MemMang/heap_4.o
 .debug_rnglists
                0x000003fe      0x110 ./Src/dma.o
 .debug_rnglists
                0x0000050e       0xb6 ./Src/flash.o
 .debug_rnglists
                0x000005c4       0x4d ./Src/main.o
 .debug_rnglists
                0x00000611       0x43 ./Src/nvic.o
 .debug_rnglists
                0x00000654       0x6d ./Src/pwr.o
 .debug_rnglists
                0x000006c1      0x11e ./Src/rcc.o
 .debug_rnglists
                0x000007df      0x1f2 ./Src/timer.o
 .debug_rnglists
                0x000009d1       0xcd ./Src/usart.o
 .debug_rnglists
                0x00000a9e       0x19 ./Startup/startup_stm32f407vgtx.o

.debug_macro    0x00000000     0x6a50
 .debug_macro   0x00000000      0x198 ./Middleware/FreeRTOS/list.o
 .debug_macro   0x00000198      0x22f ./Middleware/FreeRTOS/queue.o
 .debug_macro   0x000003c7       0x16 ./Middleware/FreeRTOS/queue.o
 .debug_macro   0x000003dd       0x35 ./Middleware/FreeRTOS/queue.o
 .debug_macro   0x00000412       0x20 ./Middleware/FreeRTOS/queue.o
 .debug_macro   0x00000432       0x80 ./Middleware/FreeRTOS/queue.o
 .debug_macro   0x000004b2      0x27e ./Middleware/FreeRTOS/tasks.o
 .debug_macro   0x00000730       0x17 ./Middleware/FreeRTOS/tasks.o
 .debug_macro   0x00000747      0x1e7 ./Middleware/FreeRTOS/timers.o
 .debug_macro   0x0000092e       0x97 ./Middleware/FreeRTOS/timers.o
 .debug_macro   0x000009c5      0x1a7 ./Middleware/FreeRTOS/portable/GCC/ARM_CM4F/port.o
 .debug_macro   0x00000b6c      0x219 ./Middleware/FreeRTOS/portable/MemMang/heap_4.o
 .debug_macro   0x00000d85       0x93 ./Src/dma.o
 .debug_macro   0x00000e18       0x22 ./Src/dma.o
 .debug_macro   0x00000e3a      0x15b ./Src/dma.o
 .debug_macro   0x00000f95      0x273 ./Src/dma.o
 .debug_macro   0x00001208      0x852 ./Src/dma.o
 .debug_macro   0x00001a5a       0x93 ./Src/flash.o
 .debug_macro   0x00001aed      0x188 ./Src/flash.o
 .debug_macro   0x00001c75      0x306 ./Src/main.o
 .debug_macro   0x00001f7b       0x16 ./Src/main.o
 .debug_macro   0x00001f91       0x9e ./Src/main.o
 .debug_macro   0x0000202f      0x10b ./Src/main.o
 .debug_macro   0x0000213a       0x10 ./Src/main.o
 .debug_macro   0x0000214a       0x16 ./Src/main.o
 .debug_macro   0x00002160       0x16 ./Src/main.o
 .debug_macro   0x00002176      0x146 ./Src/main.o
 .debug_macro   0x000022bc      0x12e ./Src/main.o
 .debug_macro   0x000023ea      0xcd4 ./Src/main.o
 .debug_macro   0x000030be      0x4bb ./Src/main.o
 .debug_macro   0x00003579      0x3ef ./Src/main.o
 .debug_macro   0x00003968       0x76 ./Src/main.o
 .debug_macro   0x000039de       0x77 ./Src/main.o
 .debug_macro   0x00003a55      0xe95 ./Src/main.o
 .debug_macro   0x000048ea      0x858 ./Src/main.o
 .debug_macro   0x00005142       0x8a ./Src/nvic.o
 .debug_macro   0x000051cc       0x70 ./Src/nvic.o
 .debug_macro   0x0000523c       0x93 ./Src/pwr.o
 .debug_macro   0x000052cf      0x128 ./Src/pwr.o
 .debug_macro   0x000053f7       0xb9 ./Src/rcc.o
 .debug_macro   0x000054b0      0x197 ./Src/timer.o
 .debug_macro   0x00005647      0xe8f ./Src/timer.o
 .debug_macro   0x000064d6      0x191 ./Src/usart.o
 .debug_macro   0x00006667      0x3e9 ./Src/usart.o

.debug_line     0x00000000     0xb7ee
 .debug_line    0x00000000      0x86a ./Middleware/FreeRTOS/list.o
 .debug_line    0x0000086a     0x1776 ./Middleware/FreeRTOS/queue.o
 .debug_line    0x00001fe0     0x1ec0 ./Middleware/FreeRTOS/tasks.o
 .debug_line    0x00003ea0      0xdb1 ./Middleware/FreeRTOS/timers.o
 .debug_line    0x00004c51      0x93d ./Middleware/FreeRTOS/portable/GCC/ARM_CM4F/port.o
 .debug_line    0x0000558e      0xaeb ./Middleware/FreeRTOS/portable/MemMang/heap_4.o
 .debug_line    0x00006079      0xaa2 ./Src/dma.o
 .debug_line    0x00006b1b      0x8c4 ./Src/flash.o
 .debug_line    0x000073df      0xabe ./Src/main.o
 .debug_line    0x00007e9d      0x609 ./Src/nvic.o
 .debug_line    0x000084a6      0x6bc ./Src/pwr.o
 .debug_line    0x00008b62      0xda6 ./Src/rcc.o
 .debug_line    0x00009908     0x1416 ./Src/timer.o
 .debug_line    0x0000ad1e      0xa55 ./Src/usart.o
 .debug_line    0x0000b773       0x7b ./Startup/startup_stm32f407vgtx.o

.debug_str      0x00000000    0x21c39
 .debug_str     0x00000000     0xaf1c ./Middleware/FreeRTOS/list.o
                               0xb141 (size before relaxing)
 .debug_str     0x0000af1c     0x26e3 ./Middleware/FreeRTOS/queue.o
                               0xd840 (size before relaxing)
 .debug_str     0x0000d5ff     0x1af6 ./Middleware/FreeRTOS/tasks.o
                               0xe252 (size before relaxing)
 .debug_str     0x0000f0f5      0x544 ./Middleware/FreeRTOS/timers.o
                               0xd9c0 (size before relaxing)
 .debug_str     0x0000f639      0x7e6 ./Middleware/FreeRTOS/portable/GCC/ARM_CM4F/port.o
                               0x9988 (size before relaxing)
 .debug_str     0x0000fe1f      0x5d7 ./Middleware/FreeRTOS/portable/MemMang/heap_4.o
                               0xc96b (size before relaxing)
 .debug_str     0x000103f6     0x3b65 ./Src/dma.o
                               0x78ea (size before relaxing)
 .debug_str     0x00013f5b      0x93c ./Src/flash.o
                               0x5abb (size before relaxing)
 .debug_str     0x00014897     0xbea0 ./Src/main.o
                              0x1c79e (size before relaxing)
 .debug_str     0x00020737       0x72 ./Src/nvic.o
                               0x4619 (size before relaxing)
 .debug_str     0x000207a9      0x1bd ./Src/pwr.o
                               0x583a (size before relaxing)
 .debug_str     0x00020966      0x6ca ./Src/rcc.o
                               0xa5c0 (size before relaxing)
 .debug_str     0x00021030      0xa78 ./Src/timer.o
                              0x119e1 (size before relaxing)
 .debug_str     0x00021aa8      0x152 ./Src/usart.o
                               0xe5ff (size before relaxing)
 .debug_str     0x00021bfa       0x3f ./Startup/startup_stm32f407vgtx.o
                                 0x6b (size before relaxing)

.comment        0x00000000       0x43
 .comment       0x00000000       0x43 ./Middleware/FreeRTOS/list.o
                                 0x44 (size before relaxing)
 .comment       0x00000043       0x44 ./Middleware/FreeRTOS/queue.o
 .comment       0x00000043       0x44 ./Middleware/FreeRTOS/tasks.o
 .comment       0x00000043       0x44 ./Middleware/FreeRTOS/timers.o
 .comment       0x00000043       0x44 ./Middleware/FreeRTOS/portable/GCC/ARM_CM4F/port.o
 .comment       0x00000043       0x44 ./Middleware/FreeRTOS/portable/MemMang/heap_4.o
 .comment       0x00000043       0x44 ./Src/dma.o
 .comment       0x00000043       0x44 ./Src/flash.o
 .comment       0x00000043       0x44 ./Src/main.o
 .comment       0x00000043       0x44 ./Src/nvic.o
 .comment       0x00000043       0x44 ./Src/pwr.o
 .comment       0x00000043       0x44 ./Src/rcc.o
 .comment       0x00000043       0x44 ./Src/timer.o
 .comment       0x00000043       0x44 ./Src/usart.o

.debug_frame    0x00000000     0x3d4c
 .debug_frame   0x00000000       0xd8 ./Middleware/FreeRTOS/list.o
 .debug_frame   0x000000d8      0x530 ./Middleware/FreeRTOS/queue.o
 .debug_frame   0x00000608      0x8a8 ./Middleware/FreeRTOS/tasks.o
 .debug_frame   0x00000eb0      0x3c8 ./Middleware/FreeRTOS/timers.o
 .debug_frame   0x00001278      0x1a8 ./Middleware/FreeRTOS/portable/GCC/ARM_CM4F/port.o
 .debug_frame   0x00001420      0x150 ./Middleware/FreeRTOS/portable/MemMang/heap_4.o
 .debug_frame   0x00001570      0x6b4 ./Src/dma.o
 .debug_frame   0x00001c24      0x3bc ./Src/flash.o
 .debug_frame   0x00001fe0      0x15c ./Src/main.o
 .debug_frame   0x0000213c      0x178 ./Src/nvic.o
 .debug_frame   0x000022b4      0x220 ./Src/pwr.o
 .debug_frame   0x000024d4      0x6c0 ./Src/rcc.o
 .debug_frame   0x00002b94      0xc40 ./Src/timer.o
 .debug_frame   0x000037d4      0x504 ./Src/usart.o
 .debug_frame   0x00003cd8       0x20 D:/Users/Documents/STM32CubeIDE_1.16.1/STM32CubeIDE/plugins/com.st.stm32cube.ide.mcu.externaltools.gnu-tools-for-stm32.12.3.rel1.win32_1.0.200.202406191623/tools/bin/../lib/gcc/arm-none-eabi/12.3.1/../../../../arm-none-eabi/lib/thumb/v7e-m+fp/hard\libc_nano.a(libc_a-memset.o)
 .debug_frame   0x00003cf8       0x2c D:/Users/Documents/STM32CubeIDE_1.16.1/STM32CubeIDE/plugins/com.st.stm32cube.ide.mcu.externaltools.gnu-tools-for-stm32.12.3.rel1.win32_1.0.200.202406191623/tools/bin/../lib/gcc/arm-none-eabi/12.3.1/../../../../arm-none-eabi/lib/thumb/v7e-m+fp/hard\libc_nano.a(libc_a-init.o)
 .debug_frame   0x00003d24       0x28 D:/Users/Documents/STM32CubeIDE_1.16.1/STM32CubeIDE/plugins/com.st.stm32cube.ide.mcu.externaltools.gnu-tools-for-stm32.12.3.rel1.win32_1.0.200.202406191623/tools/bin/../lib/gcc/arm-none-eabi/12.3.1/../../../../arm-none-eabi/lib/thumb/v7e-m+fp/hard\libc_nano.a(libc_a-memcpy-stub.o)

.debug_line_str
                0x00000000       0x4f
 .debug_line_str
                0x00000000       0x4f ./Startup/startup_stm32f407vgtx.o
