../Src/flash.c:9:6:flash_wait_for_last_operation	4	static
../Src/flash.c:30:6:flash_clear_status_flags	8	static
../Src/flash.c:39:6:flash_prefetch_enable	4	static
../Src/flash.c:44:6:flash_prefetch_disable	4	static
../Src/flash.c:49:6:flash_set_ws	24	static
../Src/flash.c:59:6:flash_unlock_option_bytes	4	static
../Src/flash.c:65:6:flash_unlock	4	static
../Src/flash.c:72:6:flash_lock	4	static
../Src/flash.c:78:6:flash_clear_eop_flag	4	static
../Src/flash.c:91:20:flash_set_program_size	16	static
../Src/flash.c:102:6:flash_clear_pgaerr_flag	4	static
../Src/flash.c:109:6:flash_clear_pgperr_flag	4	static
../Src/flash.c:119:6:flash_clear_wrperr_flag	4	static
../Src/flash.c:131:6:flash_lock_option_bytes	4	static
../Src/flash.c:147:6:flash_program_double_word	24	static
../Src/flash.c:177:6:flash_program_word	16	static
../Src/flash.c:207:6:flash_program_half_word	16	static
../Src/flash.c:232:6:flash_program_byte	16	static
../Src/flash.c:258:6:flash_program	32	static
../Src/flash.c:282:6:flash_erase_sector	16	static
../Src/flash.c:311:6:flash_erase_all_sectors	16	static
../Src/flash.c:332:6:flash_program_option_bytes	16	static
../Src/flash.c:346:6:flash_dcache_enable	4	static
../Src/flash.c:351:6:flash_dcache_disable	4	static
../Src/flash.c:356:6:flash_icache_enable	4	static
../Src/flash.c:361:6:flash_icache_disable	4	static
../Src/flash.c:367:6:flash_dcache_reset	4	static
../Src/flash.c:372:6:flash_icache_reset	4	static
