../Src/timer.c:133:6:timer_enable_irq	16	static
../Src/timer.c:147:6:timer_disable_irq	16	static
../Src/timer.c:168:6:timer_interrupt_source	16	static
../Src/timer.c:188:6:timer_get_flag	16	static
../Src/timer.c:205:6:timer_clear_flag	16	static
../Src/timer.c:239:6:timer_set_mode	32	static
../Src/timer.c:265:6:timer_set_clock_division	16	static
../Src/timer.c:282:6:timer_enable_preload	16	static
../Src/timer.c:298:6:timer_disable_preload	16	static
../Src/timer.c:313:6:timer_set_alignment	16	static
../Src/timer.c:329:6:timer_direction_up	16	static
../Src/timer.c:343:6:timer_direction_down	16	static
../Src/timer.c:355:6:timer_one_shot_mode	16	static
../Src/timer.c:367:6:timer_continuous_mode	16	static
../Src/timer.c:384:6:timer_update_on_any	16	static
../Src/timer.c:397:6:timer_update_on_overflow	16	static
../Src/timer.c:409:6:timer_enable_update_event	16	static
../Src/timer.c:423:6:timer_disable_update_event	16	static
../Src/timer.c:437:6:timer_enable_counter	16	static
../Src/timer.c:449:6:timer_disable_counter	16	static
../Src/timer.c:470:6:timer_set_output_idle_state	16	static
../Src/timer.c:490:6:timer_reset_output_idle_state	16	static
../Src/timer.c:505:6:timer_set_ti1_ch123_xor	16	static
../Src/timer.c:519:6:timer_set_ti1_ch1	16	static
../Src/timer.c:535:6:timer_set_master_mode	16	static
../Src/timer.c:550:6:timer_set_dma_on_compare_event	16	static
../Src/timer.c:564:6:timer_set_dma_on_update_event	16	static
../Src/timer.c:583:6:timer_enable_compare_control_update_on_trigger	16	static
../Src/timer.c:602:6:timer_disable_compare_control_update_on_trigger	16	static
../Src/timer.c:620:6:timer_enable_preload_complementry_enable_bits	16	static
../Src/timer.c:637:6:timer_disable_preload_complementry_enable_bits	16	static
../Src/timer.c:652:6:timer_set_prescaler	16	static
../Src/timer.c:670:6:timer_set_repetition_counter	16	static
../Src/timer.c:685:6:timer_set_period	16	static
../Src/timer.c:704:6:timer_enable_oc_clear	16	static
../Src/timer.c:738:6:timer_disable_oc_clear	16	static
../Src/timer.c:777:6:timer_set_oc_fast_mode	16	static
../Src/timer.c:812:6:timer_set_oc_slow_mode	16	static
../Src/timer.c:862:6:timer_set_oc_mode	16	static
../Src/timer.c:1011:6:timer_enable_oc_preload	16	static
../Src/timer.c:1043:6:timer_disable_oc_preload	16	static
../Src/timer.c:1078:6:timer_set_oc_polarity_high	16	static
../Src/timer.c:1117:6:timer_set_oc_polarity_low	16	static
../Src/timer.c:1156:6:timer_enable_oc_output	16	static
../Src/timer.c:1195:6:timer_disable_oc_output	16	static
../Src/timer.c:1237:6:timer_set_oc_idle_state_set	16	static
../Src/timer.c:1280:6:timer_set_oc_idle_state_unset	16	static
../Src/timer.c:1321:6:timer_set_oc_value	24	static
../Src/timer.c:1361:6:timer_enable_break_main_output	16	static
../Src/timer.c:1378:6:timer_disable_break_main_output	16	static
../Src/timer.c:1396:6:timer_enable_break_automatic_output	16	static
../Src/timer.c:1414:6:timer_disable_break_automatic_output	16	static
../Src/timer.c:1430:6:timer_set_break_polarity_high	16	static
../Src/timer.c:1446:6:timer_set_break_polarity_low	16	static
../Src/timer.c:1462:6:timer_enable_break	16	static
../Src/timer.c:1478:6:timer_disable_break	16	static
../Src/timer.c:1498:6:timer_set_enabled_off_state_in_run_mode	16	static
../Src/timer.c:1517:6:timer_set_disabled_off_state_in_run_mode	16	static
../Src/timer.c:1535:6:timer_set_enabled_off_state_in_idle_mode	16	static
../Src/timer.c:1552:6:timer_set_disabled_off_state_in_idle_mode	16	static
../Src/timer.c:1571:6:timer_set_break_lock	16	static
../Src/timer.c:1596:6:timer_set_deadtime	16	static
../Src/timer.c:1614:6:timer_generate_event	16	static
../Src/timer.c:1628:10:timer_get_counter	16	static
../Src/timer.c:1642:6:timer_set_counter	16	static
../Src/timer.c:1661:6:timer_ic_set_filter	16	static
../Src/timer.c:1694:6:timer_ic_set_prescaler	16	static
../Src/timer.c:1738:6:timer_ic_set_input	16	static
../Src/timer.c:1776:6:timer_ic_enable	16	static
../Src/timer.c:1788:6:timer_ic_disable	16	static
../Src/timer.c:1806:6:timer_slave_set_filter	16	static
../Src/timer.c:1821:6:timer_slave_set_prescaler	16	static
../Src/timer.c:1834:6:timer_slave_set_polarity	16	static
../Src/timer.c:1850:6:timer_slave_set_mode	16	static
../Src/timer.c:1863:6:timer_slave_set_trigger	16	static
../Src/timer.c:1876:6:timer_slave_set_extclockmode2	16	static
../Src/timer.c:1928:6:timer_set_option	16	static
../Src/timer.c:1952:6:timer_ic_set_polarity	16	static
